// Jest Snapshot v1, https://goo.gl/fbAQLP

exports[`Landing renders the component 1`] = `
<div class="content">
  <div class="title">Currency Converter</div>
  <div class="description">Receive competitive and transparent pricing with no hidden spreads. See how we compare.</div>
  <checkrates-stub></checkrates-stub>
  <rates-stub></rates-stub>
</div>
`;
